<?xml version="1.0" encoding="utf-8"?><testsuites><testsuite errors="0" failures="0" hostname="barrachina-SONDRA" name="pytest" skipped="0" tests="4" time="143.871" timestamp="2021-01-12T11:08:36.708018"><testcase classname="tests.test_capacity_real_equivalent" name="test_shape" time="35.747" /><testcase classname="tests.test_custom_layers" name="test_layers" time="1.492" /><testcase classname="tests.test_initialization" name="test_inits" time="0.005" /><testcase classname="tests.test_several_datasets" name="test_datasets" time="82.168" /></testsuite></testsuites>